---
source: crates/mempool_node/src/config/config_test.rs
expression: dumped_default_config
---
{
  "components.gateway_component.execute": {
    "description": "The component execution flag.",
    "value": true,
    "privacy": "Public"
  },
  "components.mempool_component.execute": {
    "description": "The component execution flag.",
    "value": true,
    "privacy": "Public"
  },
  "gateway_config.network_config.ip": {
    "description": "The gateway server ip.",
    "value": "0.0.0.0",
    "privacy": "Public"
  },
  "gateway_config.network_config.port": {
    "description": "The gateway server port.",
    "value": {
      "$serde_json::private::Number": "8080"
    },
    "privacy": "Public"
  },
  "gateway_config.stateful_transaction_validator_config.chain_info.chain_id": {
    "description": "The chain ID of the StarkNet chain.",
    "value": "0x0",
    "privacy": "Public"
  },
  "gateway_config.stateful_transaction_validator_config.chain_info.eth_fee_token_address": {
    "description": "Address of the ETH fee token.",
    "value": "0x0",
    "privacy": "Public"
  },
  "gateway_config.stateful_transaction_validator_config.chain_info.strk_fee_token_address": {
    "description": "Address of the STRK fee token.",
    "value": "0x0",
    "privacy": "Public"
  },
  "gateway_config.stateful_transaction_validator_config.max_nonce_for_validation_skip": {
    "description": "The maximum nonce for which the validation is skipped.",
    "value": "0x0",
    "privacy": "Public"
  },
  "gateway_config.stateful_transaction_validator_config.max_recursion_depth": {
    "description": "The maximum recursion depth allowed in a transaction.",
    "value": {
      "$serde_json::private::Number": "0"
    },
    "privacy": "Public"
  },
  "gateway_config.stateful_transaction_validator_config.validate_max_n_steps": {
    "description": "The maximum number of steps the validation function is allowed to take.",
    "value": {
      "$serde_json::private::Number": "0"
    },
    "privacy": "Public"
  },
  "gateway_config.stateless_transaction_validator_config.max_calldata_length": {
    "description": "Validates that a transaction has signature length less than or equal to this value.",
    "value": {
      "$serde_json::private::Number": "0"
    },
    "privacy": "Public"
  },
  "gateway_config.stateless_transaction_validator_config.max_signature_length": {
    "description": "Validates that a transaction has calldata length less than or equal to this value.",
    "value": {
      "$serde_json::private::Number": "0"
    },
    "privacy": "Public"
  },
  "gateway_config.stateless_transaction_validator_config.validate_non_zero_l1_gas_fee": {
    "description": "If true, validates that a transaction has non-zero L1 resource bounds.",
    "value": false,
    "privacy": "Public"
  },
  "gateway_config.stateless_transaction_validator_config.validate_non_zero_l2_gas_fee": {
    "description": "If true, validates that a transaction has non-zero L2 resource bounds.",
    "value": false,
    "privacy": "Public"
  },
  "rpc_state_reader_config.json_rpc_version": {
    "description": "The json rpc version.",
    "value": "",
    "privacy": "Public"
  },
  "rpc_state_reader_config.url": {
    "description": "The url of the rpc server.",
    "value": "",
    "privacy": "Public"
  }
}
